[gumroad.com/index.html]
[backblue.gif]
[fade.gif]
[index.html]
[assets.gumroad.com/packs/css/4977-dfd44720.css]
[assets.gumroad.com/packs/css/design-0a0b2baa.css]
[assets.gumroad.com/assets/opengraph_image-4110ebae42201eaa14606ecde6ca17e380f576b25224ba270116b0439775cd0a.png]
[gumroad.com/opensearch.xml]
[gumroad.com/about.html]
[assets.gumroad.com/assets/pink-icon-c5f5013768a1da41246e70403f02afc8b34ac89c20f3ba2dd0a01f3973027700.png]
[gumroad.com/discover.html]
[gumroad.com/features.html]
[gumroad.com/pricing.html]
[gumroad.com/login40be.html]
[gumroad.com/users/sign_up.html]
[assets.gumroad.com/assets/creators/vegalia-b885c0ea40b2eaf98fbc40133da41640b2c09ec16f8d8eb0bb1f1b233f15c4d9.png]
[assets.gumroad.com/assets/creators/max-a854c6ed175c738de501885ae3e94a41947931f00af11045fefc68da04eb6dc0.png]
[assets.gumroad.com/assets/creators/dru-73d2cbad705aedbe3fa76ac21b0725620c68f90c810ae2f9d6f57e03e922e034.png]
[gumroad.com/3d.html]
[gumroad.com/3d69b3.html]
[gumroad.com/3d12ed.html]
[gumroad.com/3d4ed5.html]
[gumroad.com/audio.html]
[gumroad.com/audio457c.html]
[gumroad.com/audio8cde.html]
[gumroad.com/audio54bd.html]
[gumroad.com/business-and-money.html]
[gumroad.com/business-and-moneye8f7.html]
[gumroad.com/business-and-moneyad3c.html]
[gumroad.com/business-and-money820f.html]
[gumroad.com/comics-and-graphic-novels.html]
[gumroad.com/comics-and-graphic-novels3bf1.html]
[gumroad.com/comics-and-graphic-novels6d15.html]
[gumroad.com/comics-and-graphic-novels8753.html]
[gumroad.com/design.html]
[gumroad.com/design1520.html]
[gumroad.com/design834a.html]
[gumroad.com/design7277.html]
[gumroad.com/drawing-and-painting.html]
[gumroad.com/drawing-and-painting9216.html]
[gumroad.com/drawing-and-painting23d2.html]
[gumroad.com/drawing-and-painting3683.html]
[gumroad.com/education.html]
[gumroad.com/educationb97a.html]
[gumroad.com/education4198.html]
[gumroad.com/education28c1.html]
[gumroad.com/fiction-books.html]
[gumroad.com/fiction-books994e.html]
[gumroad.com/fiction-books316d.html]
[gumroad.com/fiction-books3b91.html]
[gumroad.com/films.html]
[gumroad.com/films373d.html]
[gumroad.com/films1133.html]
[gumroad.com/films4215.html]
[gumroad.com/fitness-and-health.html]
[gumroad.com/fitness-and-health6414.html]
[gumroad.com/fitness-and-health7c20.html]
[gumroad.com/fitness-and-health9680.html]
[gumroad.com/gaming.html]
[gumroad.com/gamingbe1b.html]
[gumroad.com/gaming6358.html]
[gumroad.com/gamingc016.html]
[gumroad.com/music-and-sound-design.html]
[gumroad.com/music-and-sound-design47e3.html]
[gumroad.com/music-and-sound-designa5e3.html]
[gumroad.com/music-and-sound-designe79d.html]
[gumroad.com/photography.html]
[gumroad.com/photography278f.html]
[gumroad.com/photography0c5e.html]
[gumroad.com/photographyfecd.html]
[gumroad.com/recorded-music.html]
[gumroad.com/recorded-music5de6.html]
[gumroad.com/recorded-music4c50.html]
[gumroad.com/recorded-musicd21c.html]
[gumroad.com/self-improvement.html]
[gumroad.com/self-improvement4a9d.html]
[gumroad.com/self-improvement12b4.html]
[gumroad.com/self-improvementc787.html]
[gumroad.com/software-development.html]
[gumroad.com/software-development6269.html]
[gumroad.com/software-developmentfcd2.html]
[gumroad.com/software-development67ba.html]
[gumroad.com/writing-and-publishing.html]
[gumroad.com/writing-and-publishing1b66.html]
[gumroad.com/writing-and-publishing4cfa.html]
[gumroad.com/writing-and-publishingc5a4.html]
[assets.gumroad.com/assets/creators/stephsmithio-cc0411fabb51187e466828873cabb46f6e87dc2e040f6f0a517275357bdfead6.png]
[gumroad.com/help.html]
[gumroad.com/terms.html]
[gumroad.com/privacy.html]
[assets.gumroad.com/assets/application-cbf244e9109e70d7b04497041636f00173a1e588f9b879b3a3ef11f8dfb86e5c.js]
[unpkg.com/@lottiefiles/lottie-player@2.0.12/dist/lottie-player.js]
[gumroad.com/index.html]
[assets.gumroad.com/packs/css/4977-dfd44720.css]
[gumroad.com/cdn-cgi/scripts/7d0fa10a/cloudflare-static/rocket-loader.min.js]
[assets.gumroad.com/packs/static/b47cbdb8030bef7eda53.png]
[assets.gumroad.com/packs/css/design-0a0b2baa.css]
[gumroad.com/about.html]
[gumroad.com/login099d.html]
[gumroad.com/signup.html]
[gumroad.com/design/architecture.html]
[gumroad.com/design/branding.html]
[gumroad.com/design/entertainment-design.html]
[gumroad.com/design/fashion-design.html]
[gumroad.com/design/fonts.html]
[gumroad.com/design/graphics.html]
[gumroad.com/design/icons.html]
[gumroad.com/design/industrial-design.html]
[gumroad.com/design/interior-design.html]
[gumroad.com/design/print-and-packaging.html]
[gumroad.com/design/ui-and-web.html]
[gumroad.com/design/wallpapers.html]
[gumroad.com/drawing-and-painting/artwork-and-commissions.html]
[gumroad.com/drawing-and-painting/digital-illustration.html]
[gumroad.com/drawing-and-painting/traditional-art.html]
[gumroad.com/3d/3d-assets.html]
[gumroad.com/3d/3d-modeling.html]
[gumroad.com/3d/animating.html]
[gumroad.com/3d/arvr.html]
[gumroad.com/3d/avatars.html]
[gumroad.com/3d/character-design.html]
[gumroad.com/3d/rigging.html]
[gumroad.com/3d/textures.html]
[gumroad.com/3d/vrchat.html]
[gumroad.com/self-improvement/cooking.html]
[gumroad.com/self-improvement/crafts-and-dyi.html]
[gumroad.com/self-improvement/dating-and-relationships.html]
[gumroad.com/self-improvement/outdoors.html]
[gumroad.com/self-improvement/philosophy.html]
[gumroad.com/self-improvement/productivity.html]
[gumroad.com/self-improvement/psychology.html]
[gumroad.com/self-improvement/spirituality.html]
[gumroad.com/self-improvement/travel.html]
[gumroad.com/self-improvement/weddings.html]
[gumroad.com/self-improvement/wellness.html]
[gumroad.com/music-and-sound-design/dance-and-theater.html]
[gumroad.com/music-and-sound-design/instruments.html]
[gumroad.com/music-and-sound-design/sound-design.html]
[gumroad.com/music-and-sound-design/vocal.html]
[gumroad.com/films/comedy.html]
[gumroad.com/films/dance.html]
[gumroad.com/films/documentary.html]
[gumroad.com/films/movie.html]
[gumroad.com/films/performance.html]
[gumroad.com/films/short-film.html]
[gumroad.com/films/sports-events.html]
[gumroad.com/films/theater.html]
[gumroad.com/films/video-production-and-editing.html]
[gumroad.com/films/videography.html]
[gumroad.com/software-development/app-development.html]
[gumroad.com/software-development/hardware.html]
[gumroad.com/software-development/programming.html]
[gumroad.com/software-development/software-and-plugins.html]
[gumroad.com/software-development/web-development.html]
[gumroad.com/business-and-money/accounting.html]
[gumroad.com/business-and-money/entrepreneurship.html]
[gumroad.com/business-and-money/gigs-and-side-projects.html]
[gumroad.com/business-and-money/investing.html]
[gumroad.com/business-and-money/management-and-leadership.html]
[gumroad.com/business-and-money/marketing-and-sales.html]
[gumroad.com/business-and-money/networking-careers-and-jobs.html]
[gumroad.com/business-and-money/personal-finance.html]
[gumroad.com/business-and-money/real-estate.html]
[gumroad.com/education/classroom.html]
[gumroad.com/education/english.html]
[gumroad.com/education/history.html]
[gumroad.com/education/math.html]
[gumroad.com/education/science.html]
[gumroad.com/education/social-studies.html]
[gumroad.com/education/specialties.html]
[gumroad.com/education/test-prep.html]
[gumroad.com/gaming/streaming.html]
[gumroad.com/photography/cosplay.html]
[gumroad.com/photography/photo-courses.html]
[gumroad.com/photography/photo-presets-and-actions.html]
[gumroad.com/photography/reference-photos.html]
[gumroad.com/photography/stock-photos.html]
[gumroad.com/writing-and-publishing/courses.html]
[gumroad.com/writing-and-publishing/resources.html]
[gumroad.com/fitness-and-health/exercise-and-workout.html]
[gumroad.com/fitness-and-health/running.html]
[gumroad.com/fitness-and-health/sports.html]
[gumroad.com/fitness-and-health/weight-loss-and-dieting.html]
[gumroad.com/fitness-and-health/yoga.html]
[gumroad.com/fiction-books/childrens-books.html]
[gumroad.com/fiction-books/fantasy.html]
[gumroad.com/fiction-books/mystery.html]
[gumroad.com/fiction-books/romance.html]
[gumroad.com/fiction-books/science-fiction.html]
[gumroad.com/fiction-books/teen-and-young-adult.html]
[gumroad.com/recorded-music/albums.html]
[gumroad.com/recorded-music/singles.html]
[gumroad.com/audio/asmr.html]
[gumroad.com/audio/healing.html]
[gumroad.com/audio/hypnosis.html]
[gumroad.com/audio/sleep-and-meditation.html]
[gumroad.com/audio/subliminal-messages.html]
[gumroad.com/audio/voiceover.html]
[gumroad.com/other.html]
[assets.gumroad.com/assets/gumroad-default-avatar-5-623b6723477dd15920db554b0a4e9aac6a5e41159fd3d7bb4c9f9745a44e4f85.png]
[assets.gumroad.com/packs/js/webpack-runtime-7af52121cc17bbc184a8.js]
[assets.gumroad.com/packs/js/webpack-commons-2a44724f6fcfa3c6eee5.js]
[assets.gumroad.com/packs/js/9728-c6762d68bd2b470deefe.js]
[gumroad.com/discover.html]
[assets.gumroad.com/packs/js/discover-0aa6d3a531b5f2b74df7.js]
[assets.gumroad.com/assets/creators/motionbynick-7f5e66b064fc02962835920e3d4912265ddfdfd95e9628105b29553bd48cf6a6.png]
[assets.gumroad.com/assets/creators/dvassallo-7f0f9b663757d2356f82353b9b380e2a63cb0ca721f1249361a4d915a1a3fc98.png]
[assets.gumroad.com/assets/creators/boringbotlab-8c49aca5e766959a52ec07f7bed604ce90521eff6ab68b387522b529898e2bfe.png]
[gumroad.com/features.html]
[gumroad.com/prohibited.html]
[gumroad.com/Gumroad-CA-Resale Certificate-01JAN25.pdf]
[gumroad.com/pricing.html]
[gumroad.com/signup40be.html]
[assets.gumroad.com/packs/static/822e112a3b444c69f7ef.png]
[www.google.com/recaptcha/enterpriseb091.js]
[gumroad.com/login40be.html]
[gumroad.com/users/sign_up.html]
[gumroad.com/3d.html]
[gumroad.com/3d69b3.html]
[assets.gumroad.com/packs/js/signup-aebdd9217661fe7ec50d.js]
[gumroad.com/3d12ed.html]
[gumroad.com/3d4ed5.html]
[gumroad.com/audio.html]
[gumroad.com/audio457c.html]
[gumroad.com/audio8cde.html]
[gumroad.com/audio54bd.html]
[gumroad.com/business-and-money.html]
[gumroad.com/business-and-moneye8f7.html]
[gumroad.com/business-and-moneyad3c.html]
[gumroad.com/business-and-money820f.html]
[gumroad.com/comics-and-graphic-novels.html]
[gumroad.com/comics-and-graphic-novels3bf1.html]
[gumroad.com/comics-and-graphic-novels6d15.html]
[gumroad.com/comics-and-graphic-novels8753.html]
[gumroad.com/design.html]
[gumroad.com/design1520.html]
[gumroad.com/design834a.html]
[gumroad.com/design7277.html]
[gumroad.com/drawing-and-painting.html]
[gumroad.com/drawing-and-painting9216.html]
[gumroad.com/drawing-and-painting23d2.html]
[gumroad.com/drawing-and-painting3683.html]
[gumroad.com/education.html]
[gumroad.com/educationb97a.html]
[gumroad.com/education4198.html]
[gumroad.com/education28c1.html]
[gumroad.com/fiction-books.html]
[gumroad.com/fiction-books994e.html]
[gumroad.com/fiction-books316d.html]
[gumroad.com/fiction-books3b91.html]
[gumroad.com/films.html]
[gumroad.com/films373d.html]
[gumroad.com/films1133.html]
[gumroad.com/films4215.html]
[gumroad.com/fitness-and-health.html]
[gumroad.com/fitness-and-health6414.html]
[gumroad.com/fitness-and-health7c20.html]
[gumroad.com/fitness-and-health9680.html]
[gumroad.com/gaming.html]
[gumroad.com/gamingbe1b.html]
[gumroad.com/gaming6358.html]
[gumroad.com/gamingc016.html]
[gumroad.com/music-and-sound-design.html]
[gumroad.com/music-and-sound-design47e3.html]
[gumroad.com/music-and-sound-designa5e3.html]
[gumroad.com/music-and-sound-designe79d.html]
[gumroad.com/photography.html]
[gumroad.com/photography278f.html]
[gumroad.com/fiction-books81dc.html]
[gumroad.com/photography0c5e.html]
[gumroad.com/photographyfecd.html]
[gumroad.com/recorded-music.html]
[gumroad.com/recorded-music5de6.html]
[gumroad.com/recorded-music4c50.html]
[gumroad.com/recorded-musicd21c.html]
[gumroad.com/self-improvement.html]
[gumroad.com/self-improvement4a9d.html]
[gumroad.com/self-improvement12b4.html]
[gumroad.com/self-improvementc787.html]
[gumroad.com/software-development.html]
[gumroad.com/software-development6269.html]
[gumroad.com/software-developmentfcd2.html]
[gumroad.com/software-development67ba.html]
[gumroad.com/writing-and-publishing.html]
[gumroad.com/writing-and-publishing1b66.html]
[gumroad.com/writing-and-publishing4cfa.html]
[gumroad.com/writing-and-publishingc5a4.html]
[gumroad.com/index.d1.delayed]
[gumroad.com/help/css/launch-1721905284936.css]
[gumroad.com/help/css/stylesheet.css]
[d33v4339jhl8k0.cloudfront.net/docs/assets/5c4657ad2c7d3a66e32d763f/images/61a0dd73efc78d0553e5df37/Color.png]
[d33v4339jhl8k0.cloudfront.net/docs/assets/5c4657ad2c7d3a66e32d763f/images/61a0dd732b380503dfe08b31/Color.png]
[d33v4339jhl8k0.cloudfront.net/docs/assets/5c4657ad2c7d3a66e32d763f/images/61a0dd739ccf62287e5fa408/Color.png]
[gumroad.com/help/category/316-open-an-account.html]
[gumroad.com/help/category/318-add-a-product.html]
[gumroad.com/help/category/319-start-selling.html]
[gumroad.com/help/category/328-market-your-work.html]
[gumroad.com/help/category/320-get-paid.html]
[gumroad.com/help/category/321-advanced.html]
[gumroad.com/help/category/322-contact-gumroad.html]
[gumroad.com/help/category/220-before-you-buy.html]
[gumroad.com/help/category/219-after-your-purchase.html]
[gumroad.com/help/category/337-receipts-and-refunds.html]
[gumroad.com/help/category/338-issues-with-your-purchase.html]
[gumroad.com/help.html]
[gumroad.com/help/js/app3.min.js]
[assets.gumroad.com/assets/Logos-2f5a788f3c9c207ae5440df514a753308e6287be29cc80d91da0da6135ace192.png]
[gumroad.com/terms.html]
[gumroad.com/privacy.html]
[gumroad.com/login099d.html]
[gumroad.com/signup.html]
[gumroad.com/design/architecture.html]
[gumroad.com/design/branding.html]
[gumroad.com/signup099d.html]
[gumroad.com/design/entertainment-design.html]
[gumroad.com/design/fashion-design.html]
[gumroad.com/design/fonts.html]
[gumroad.com/design/graphics.html]
[gumroad.com/design/icons.html]
[gumroad.com/design/industrial-design.html]
[gumroad.com/design/interior-design.html]
[gumroad.com/design/print-and-packaging.html]
[gumroad.com/design/ui-and-web.html]
[gumroad.com/design/wallpapers.html]
[gumroad.com/drawing-and-painting/artwork-and-commissions.html]
[gumroad.com/drawing-and-painting/digital-illustration.html]
[gumroad.com/drawing-and-painting/traditional-art.html]
[gumroad.com/3d/3d-assets.html]
[gumroad.com/3d/3d-modeling.html]
[gumroad.com/3d/animating.html]
[gumroad.com/3d/arvr.html]
[gumroad.com/3d/avatars.html]
[gumroad.com/3d/character-design.html]
[gumroad.com/3d/rigging.html]
[gumroad.com/3d/textures.html]
[gumroad.com/3d/vrchat.html]
[gumroad.com/self-improvement/cooking.html]
[gumroad.com/self-improvement/crafts-and-dyi.html]
[gumroad.com/self-improvement/dating-and-relationships.html]
[gumroad.com/self-improvement/outdoors.html]
[gumroad.com/self-improvement/philosophy.html]
[gumroad.com/self-improvement/productivity.html]
[gumroad.com/self-improvement/psychology.html]
[gumroad.com/self-improvement/spirituality.html]
[gumroad.com/self-improvement/travel.html]
[gumroad.com/self-improvement/weddings.html]
[gumroad.com/self-improvement/wellness.html]
[gumroad.com/music-and-sound-design/dance-and-theater.html]
[gumroad.com/music-and-sound-design/instruments.html]
[gumroad.com/music-and-sound-design/sound-design.html]
[gumroad.com/music-and-sound-design/vocal.html]
[gumroad.com/films/comedy.html]
[gumroad.com/films/dance.html]
[gumroad.com/films/documentary.html]
[gumroad.com/films/movie.html]
[gumroad.com/films/performance.html]
[gumroad.com/films/short-film.html]
[gumroad.com/films/sports-events.html]
[gumroad.com/films/theater.html]
[gumroad.com/films/video-production-and-editing.html]
[gumroad.com/films/videography.html]
[gumroad.com/software-development/app-development.html]
[gumroad.com/software-development/hardware.html]
[gumroad.com/software-development/programming.html]
[gumroad.com/software-development/software-and-plugins.html]
[gumroad.com/software-development/web-development.html]
[gumroad.com/business-and-money/accounting.html]
[gumroad.com/business-and-money/entrepreneurship.html]
[gumroad.com/business-and-money/gigs-and-side-projects.html]
[gumroad.com/business-and-money/investing.html]
[gumroad.com/business-and-money/management-and-leadership.html]
[gumroad.com/business-and-money/marketing-and-sales.html]
[gumroad.com/business-and-money/networking-careers-and-jobs.html]
[gumroad.com/business-and-money/personal-finance.html]
[gumroad.com/business-and-money/real-estate.html]
[gumroad.com/education/classroom.html]
[gumroad.com/education/english.html]
[gumroad.com/education/history.html]
[gumroad.com/education/math.html]
[gumroad.com/education/science.html]
[gumroad.com/education/social-studies.html]
[gumroad.com/education/specialties.html]
[gumroad.com/education/test-prep.html]
[gumroad.com/gaming/streaming.html]
[gumroad.com/photography/cosplay.html]
[gumroad.com/photography/photo-courses.html]
[gumroad.com/photography/photo-presets-and-actions.html]
[gumroad.com/photography/reference-photos.html]
[gumroad.com/photography/stock-photos.html]
[gumroad.com/writing-and-publishing/courses.html]
[gumroad.com/writing-and-publishing/resources.html]
[gumroad.com/fitness-and-health/exercise-and-workout.html]
[gumroad.com/fitness-and-health/running.html]
[gumroad.com/fitness-and-health/sports.html]
[gumroad.com/fitness-and-health/weight-loss-and-dieting.html]
[gumroad.com/fitness-and-health/yoga.html]
[gumroad.com/fiction-books/childrens-books.html]
[gumroad.com/fiction-books/fantasy.html]
[gumroad.com/fiction-books/mystery.html]
[gumroad.com/fiction-books/romance.html]
[gumroad.com/fiction-books/science-fiction.html]
[gumroad.com/fiction-books/teen-and-young-adult.html]
[gumroad.com/recorded-music/albums.html]
[gumroad.com/recorded-music/singles.html]
[gumroad.com/audio/asmr.html]
[gumroad.com/audio/healing.html]
[gumroad.com/audio/hypnosis.html]
[gumroad.com/audio/sleep-and-meditation.html]
[gumroad.com/audio/subliminal-messages.html]
[gumroad.com/audio/voiceover.html]
[gumroad.com/other.html]
[gumroad.com/prohibited.html]
[gumroad.com/signup40be.html]
[gumroad.com/fiction-books81dc.html]
[gumroad.com/index-2.html]
[gumroad.com/assets/fonts/helpscout-docs3.e6.delayed]
[gumroad.com/help/css/launch-1721905284936.css]
[gumroad.com/help/css/ABCFavorit-Regular.woff2]
[i.ibb.co/kxz2hN6/file-earmark-medical-fill-category.png]
[i.ibb.co/Xt3v0dH/search-icon-gumroad.png]
[i.ibb.co/v13h9Pf/solid-cheveron-right.png]
[i.ibb.co/fq0cPyn/file-earmark-medical-fill.png]
[i.ibb.co/9wwqLqN/outline-cheveron-down.png]
[i.ibb.co/SKf8x0k/close-button-minimal-template.png]
[i.ibb.co/p1M3sxg/solid-mail.png]
[gumroad.com/help/css/stylesheet.css]
[gumroad.com/help/css/launch-1720904626842.css]
[gumroad.com/help/css/style.css]
[gumroad.com/help/category/document.referrer]
[gumroad.com/help/article/64-is-gumroad-for-me.html]
[gumroad.com/help/article/67-the-settings-menu.html]
[gumroad.com/help/article/260-your-payout-settings-page.html]
[gumroad.com/help/article/124-your-gumroad-profile-page.html]
[gumroad.com/help/article/252-multiple-accounts.html]
[gumroad.com/help/article/120-protecting-your-privacy-on-gumroad.html]
[gumroad.com/help/article/292-account-login-security.html]
[gumroad.com/help/article/155-things-you-cant-sell-on-gumroad.html]
[gumroad.com/help/article/70-can-i-sell-services.html]
[gumroad.com/help/article/156-gumroad-and-adult-content.html]
[gumroad.com/help/category/316-open-an-account.html]
[gumroad.com/help/article/37-how-to-delete-your-gumroad-account.html]
[gumroad.com/help/css/launch-1720905112828.css]
[gumroad.com/help/article/304-products-dashboard.html]
[gumroad.com/help/article/149-adding-a-product.html]
[gumroad.com/help/article/60-adding-a-cover-image.html]
[gumroad.com/help/article/101-designing-your-product-page.html]
[gumroad.com/help/article/81-custom-product-urls.html]
[gumroad.com/help/article/248-delete-a-product.html]
[gumroad.com/help/article/126-setting-up-versions-on-a-digital-product.html]
[gumroad.com/help/article/82-membership-products.html]
[gumroad.com/help/article/346-installment-plans.html]
[gumroad.com/help/article/133-pay-what-you-want-pricing.html]
[gumroad.com/help/article/43-streaming-videos.html]
[gumroad.com/help/article/125-how-to-compress-a-video-using-handbrake.html]
[gumroad.com/help/article/112-mobile-friendly-files.html]
[gumroad.com/help/article/176-metadata-for-audio-files.html]
[gumroad.com/help/article/249-affiliate-faq.html]
[gumroad.com/help/article/289-file-size-limits-on-gumroad.html]
[gumroad.com/help/article/339-product-bundles.html]
[gumroad.com/help/article/341-collaborations.html]
[gumroad.com/help/category/318-add-a-product.html]
[gumroad.com/help/article/347-gumroad-community.html]
[gumroad.com/help/css/launch-1720904627061.css]
[gumroad.com/help/article/62-testing-a-purchase.html]
[gumroad.com/help/article/79-gumroad-discover.html]
[gumroad.com/help/article/136-find-your-products-url.html]
[gumroad.com/help/article/268-customer-dashboard.html]
[gumroad.com/help/article/74-the-analytics-dashboard.html]
[gumroad.com/help/article/282-how-do-purchases-work-for-my-customers.html]
[gumroad.com/help/article/247-what-your-customers-see.html]
[gumroad.com/help/article/177-the-gumroad-dashboard-app.html]
[gumroad.com/help/article/266-why-are-my-customers-purchases-failing.html]
[gumroad.com/help/article/78-my-customer-did-not-receive-a-receipt.html]
[gumroad.com/help/article/139-how-to-cancel-your-customers-subscriptions.html]
[gumroad.com/help/article/47-how-to-refund-a-customer.html]
[gumroad.com/help/article/134-how-does-gumroad-handle-chargebacks.html]
[gumroad.com/help/article/42-content-security.html]
[gumroad.com/help/article/327-purchasing-power-parity.html]
[gumroad.com/help/article/331-creating-upsells.html]
[gumroad.com/help/article/345-tipping.html]
[gumroad.com/help/article/334-more-like-this.html]
[gumroad.com/help/category/319-start-selling.html]
[gumroad.com/help/article/335-custom-refund-policy.html]
[gumroad.com/help/css/launch-1720894538577.css]
[gumroad.com/help/article/170-audience.html]
[gumroad.com/help/article/169-how-to-send-an-update.html]
[gumroad.com/help/article/131-using-workflows-to-send-automated-updates.html]
[gumroad.com/help/article/54-not-receiving-updates.html]
[gumroad.com/help/article/44-build-gumroad-into-your-website.html]
[gumroad.com/help/category/328-market-your-work.html]
[gumroad.com/help/article/333-affiliates-on-gumroad.html]
[gumroad.com/help/article/13-getting-paid.html]
[gumroad.com/help/article/330-stripe-connect.html]
[gumroad.com/help/article/275-paypal-connect.html]
[gumroad.com/help/article/66-gumroads-fees.html]
[gumroad.com/help/article/269-balance-page.html]
[gumroad.com/help/article/223-payoneer-and-gumroad.html]
[gumroad.com/help/article/46-what-currency-does-gumroad-use.html]
[gumroad.com/help/article/281-payout-delays.html]
[gumroad.com/help/article/121-sales-tax-on-gumroad.html]
[gumroad.com/help/article/11-us-sales-tax-on-gumroad.html]
[gumroad.com/help/article/10-dealing-with-vat.html]
[gumroad.com/help/article/96-australian-gst-on-gumroad.html]
[gumroad.com/help/article/325-indirect-taxes-on-sales-via-discover.html]
[gumroad.com/help/article/15-1099s.html]
[gumroad.com/help/article/160-suspension.html]
[gumroad.com/help/article/283-fraudulent-purchases.html]
[gumroad.com/help/article/161-what-gumroad-considers-fraud.html]
[gumroad.com/help/category/320-get-paid.html]
[gumroad.com/help/article/128-discount-codes.html]
[gumroad.com/help/article/336-singaporean-gst.html]
[gumroad.com/help/article/326-teams-and-roles.html]
[gumroad.com/help/article/130-pdf-stamping.html]
[gumroad.com/help/article/290-facebook-domain-verification.html]
[gumroad.com/help/article/222-product-ratings-on-gumroad.html]
[gumroad.com/help/article/144-send-customers-directly-to-your-payment-form.html]
[gumroad.com/help/article/270-url-parameters.html]
[gumroad.com/help/article/153-setting-up-a-custom-domain.html]
[gumroad.com/help/article/174-third-party-analytics.html]
[gumroad.com/help/article/285-turning-off-third-party-trackers.html]
[gumroad.com/help/article/295-external-integration.html]
[gumroad.com/help/article/107-common-zapier-integrations-with-gumroad.html]
[gumroad.com/help/article/280-create-application-api.html]
[gumroad.com/help/article/76-license-keys.html]
[gumroad.com/help/article/324-accessibiility-statement.html]
[gumroad.com/help/category/321-advanced.html]
[gumroad.com/help/article/329-customer-moderation.html]
[gumroad.com/help/article/20-how-do-i-contact-gumroad.html]
[gumroad.com/help/article/51-what-is-gumroads-refund-policy.html]
[gumroad.com/help/article/286-how-do-i-report-a-gumroad-creator.html]
[gumroad.com/help/article/288-dmca-counter-notices.html]
[gumroad.com/help/article/110-gumroads-subprocessors.html]
[gumroad.com/help/article/53-what-browsers-does-gumroad-support.html]
[gumroad.com/help/category/322-contact-gumroad.html]
[gumroad.com/help/article/284-jobs-at-gumroad.html]
[d33v4339jhl8k0.cloudfront.net/docs/assets/5c4657ad2c7d3a66e32d763f/images/61a0f77c9ccf62287e5fa494/Color.png]
[d33v4339jhl8k0.cloudfront.net/docs/assets/5c4657ad2c7d3a66e32d763f/images/61a0f77cefc78d0553e5dfc3/Color.png]
[d33v4339jhl8k0.cloudfront.net/docs/assets/5c4657ad2c7d3a66e32d763f/images/61a0f77c2b380503dfe08bbc/Color.png]
[gumroad.com/help/article/191-a-guide-to-buying-on-gumroad.html]
[gumroad.com/help/article/213-how-do-i-give-a-product-as-a-gift.html]
[gumroad.com/help/article/203-why-did-my-payment-fail.html]
[gumroad.com/help/article/189-safe-gumroad-buying.html]
[gumroad.com/help/category/220-before-you-buy.html]
[gumroad.com/help/article/343-wishlists.html]
[gumroad.com/help/article/199-how-do-i-access-my-purchase.html]
[gumroad.com/help/article/198-your-gumroad-library.html]
[gumroad.com/help/article/278-guide-to-memberships.html]
[gumroad.com/help/article/206-how-to-open-zip-and-rar-files.html]
[gumroad.com/help/article/208-how-do-i-send-my-gumroad-purchase-to-my-kindle.html]
[gumroad.com/help/article/210-send-your-purchase-to-dropbox.html]
[gumroad.com/help/article/215-when-will-my-purchase-be-shipped.html]
[gumroad.com/help/category/219-after-your-purchase.html]
[gumroad.com/help/article/344-rate-and-review-your-purchase.html]
[gumroad.com/help/css/launch-1720905461651.css]
[gumroad.com/help/article/204-get-to-know-your-gumroad-receipt.html]
[gumroad.com/help/article/190-how-do-i-get-a-refund.html]
[gumroad.com/help/article/194-i-need-an-invoice.html]
[gumroad.com/help/article/200-i-need-a-vat-refund.html]
[gumroad.com/help/category/337-receipts-and-refunds.html]
[gumroad.com/help/article/212-i-never-received-a-receipt.html]
[gumroad.com/help/article/195-theres-an-issue-with-my-purchase.html]
[gumroad.com/help/article/214-why-was-i-charged-by-gumroad.html]
[gumroad.com/help/article/192-how-do-i-cancel-my-membership.html]
[gumroad.com/help/article/193-my-purchase-isnt-downloading.html]
[gumroad.com/help/article/211-im-not-receiving-updates.html]
[gumroad.com/help/article/209-how-do-i-combine-two-accounts.html]
[gumroad.com/help/article/197-why-do-i-have-a-1-charge-from-gumroad.html]
[gumroad.com/help/article/217-i-have-extra-charges-from-gumroad-after-my-purchase.html]
[gumroad.com/help/article/216-delete-credit-card-information.html]
[gumroad.com/help/article/251-incorrect-recurring-charge.html]
[gumroad.com/help/article/226-report-a-creator.html]
[gumroad.com/help/category/338-issues-with-your-purchase.html]
[gumroad.com/signup099d.html]
[gumroad.com/assets/fonts/helpscout-docs3.html]
[gumroad.com/help/css/launch-1720904626842.css]
[gumroad.com/help/css/style.css]
[gumroad.com/help/category/document.html]
[gumroad.com/help/article/196-contact-gumroad.html]
[gumroad.com/help/article/document.referrer]
[gumroad.com/help/images/start-creating.png]
[gumroad.com/help/article/128-creating-offer-codes.html]
[d33v4339jhl8k0.cloudfront.net/docs/assets/5c4657ad2c7d3a66e32d763f/images/63b6b192d0b6de7e3be2a5ec/file-n0TJUXHpcG.png]
[gumroad.com/help/article/64-is-gumroad-for-me.html]
[d33v4339jhl8k0.cloudfront.net/docs/assets/5c4657ad2c7d3a66e32d763f/images/63f4a18dfd897d5b05cdadef/file-zqFmweIbsb.png]
[d33v4339jhl8k0.cloudfront.net/docs/assets/5c4657ad2c7d3a66e32d763f/images/624434b3c1688a6d26a7b276/file-BTFPH32xOJ.png]
[d33v4339jhl8k0.cloudfront.net/docs/assets/5c4657ad2c7d3a66e32d763f/images/61fcc196025ca67522c77d6e/file-qQ70DDEm1v.png]
[gumroad.com/help/images/time-zone-settings.png]
[d33v4339jhl8k0.cloudfront.net/docs/assets/5c4657ad2c7d3a66e32d763f/images/61a0b4992b380503dfe08a67/file-0peVVR85Ep.png]
[d33v4339jhl8k0.cloudfront.net/docs/assets/5c4657ad2c7d3a66e32d763f/images/61a0b4cb9ccf62287e5fa352/file-0RoOT6ouIB.png]
[gumroad.com/help/images/change-username.png]
[d33v4339jhl8k0.cloudfront.net/docs/assets/5c4657ad2c7d3a66e32d763f/images/63f5cdd0b7da6b15a7ea1976/file-k2im2k5Zhs.png]
[d33v4339jhl8k0.cloudfront.net/docs/assets/5c4657ad2c7d3a66e32d763f/images/63f5ce450064af3c7159e101/file-DCTjr26h7W.png]
[gumroad.com/help/images/change-password.png]
[gumroad.com/loginc75e.html]
[gumroad.com/help/article/67-the-settings-menu.html]
[gumroad.com/ping.html]
[d33v4339jhl8k0.cloudfront.net/docs/assets/5c4657ad2c7d3a66e32d763f/images/63b6b07ebfe3f971fb093bce/file-IGvUdtWuhl.png]
[gumroad.com/help/article/260-your-payout-settings-page.html]
[d33v4339jhl8k0.cloudfront.net/docs/assets/5c4657ad2c7d3a66e32d763f/images/6628533d7303ea4a739d367b/file-GLfzOQP5BK.png]
[d33v4339jhl8k0.cloudfront.net/docs/assets/5c4657ad2c7d3a66e32d763f/images/63ff2813b7da6b15a7ea212e/file-Yc0TiiOjTZ.png]
[d33v4339jhl8k0.cloudfront.net/docs/assets/5c4657ad2c7d3a66e32d763f/images/63ff28543c396c395ec0f4c3/file-O2U84Acgi2.png]
[d33v4339jhl8k0.cloudfront.net/docs/assets/5c4657ad2c7d3a66e32d763f/images/660a470bd00a8f46829b75dc/file-LcDS8NDJzg.gif]
[d33v4339jhl8k0.cloudfront.net/docs/assets/5c4657ad2c7d3a66e32d763f/images/6597f226df35c837879e8922/file-d1pwX1X2F6.gif]
[d33v4339jhl8k0.cloudfront.net/docs/assets/5c4657ad2c7d3a66e32d763f/images/6597f0c2baa1964909074c42/file-HwP7sCuVrA.gif]
[d33v4339jhl8k0.cloudfront.net/docs/assets/5c4657ad2c7d3a66e32d763f/images/662854315ae8353469c6ac18/file-5fQ76mlvqG.png]
[d33v4339jhl8k0.cloudfront.net/docs/assets/5c4657ad2c7d3a66e32d763f/images/660a47e050568305fcb28b75/file-gqecfYxkl0.gif]
[d33v4339jhl8k0.cloudfront.net/docs/assets/5c4657ad2c7d3a66e32d763f/images/6628546ae66450147a8e5ae4/file-j4Rr3XN7Xl.png]
[d33v4339jhl8k0.cloudfront.net/docs/assets/5c4657ad2c7d3a66e32d763f/images/66285496e66450147a8e5ae5/file-W42DTYtVQc.png]
[d33v4339jhl8k0.cloudfront.net/docs/assets/5c4657ad2c7d3a66e32d763f/images/66988bf35908935e84818b2b/file-h0OJRWWXyI.png]
[gumroad.com/help/article/124-your-gumroad-profile-page.html]
[gumroad.com/help/article/252-multiple-accounts.html]
[gumroad.com/help/article/120-protecting-your-privacy-on-gumroad.html]
[d33v4339jhl8k0.cloudfront.net/docs/assets/5c4657ad2c7d3a66e32d763f/images/624a92ebab585b230a8a8017/file-BhMyd8H221.png]
[d33v4339jhl8k0.cloudfront.net/docs/assets/5c4657ad2c7d3a66e32d763f/images/624a93442ce7ed0fb091cd93/file-8ZMbP8Uooi.png]
[d33v4339jhl8k0.cloudfront.net/docs/assets/5c4657ad2c7d3a66e32d763f/images/624a9361c1688a6d26a7cb71/file-BBL9nPaVvq.png]
[gumroad.com/help/article/292-account-login-security.html]
[gumroad.com/help/article/155-things-you-cant-sell-on-gumroad.html]
[gumroad.com/help/images/new-product.png]
[gumroad.com/help/images/commission-content.png]
[gumroad.com/help/images/commission-sales.png]
[gumroad.com/help/images/call-edit.png]
[gumroad.com/help/images/call-content.png]
[gumroad.com/help/images/call-sales.png]
[d33v4339jhl8k0.cloudfront.net/docs/assets/5c4657ad2c7d3a66e32d763f/images/6694a2d3e1989867dceff3a9/file-xt3NQVSfKe.png]
[gumroad.com/help/article/70-can-i-sell-services.html]
[gumroad.com/help/article/156-gumroad-and-adult-content.html]
[gumroad.com/login4d3a.html]
[d33v4339jhl8k0.cloudfront.net/docs/assets/5c4657ad2c7d3a66e32d763f/images/658ba8b015d4597b5fb209ad/file-ch8xxL6pcQ.png]
[gumroad.com/help/article/37-how-to-delete-your-gumroad-account.html]
[gumroad.com/help/css/launch-1720905112828.css]
[d33v4339jhl8k0.cloudfront.net/docs/assets/5c4657ad2c7d3a66e32d763f/images/651e45b3ed8c6d2f1cffdf90/file-4cgKZm6AzN.png]
[d33v4339jhl8k0.cloudfront.net/docs/assets/5c4657ad2c7d3a66e32d763f/images/649d5af1cfd7fe604a7fe38a/file-uuXfjiuxNZ.png]
[gumroad.com/help/images/affiliate-tab.png]
[gumroad.com/help/article/304-products-dashboard.html]
[gumroad.com/help/images/creating-tab.png]
[d33v4339jhl8k0.cloudfront.net/docs/assets/5c4657ad2c7d3a66e32d763f/images/61a4aa9964e42a671b63b13c/file-1sW3Al0NzD.gif]
[d33v4339jhl8k0.cloudfront.net/docs/assets/5c4657ad2c7d3a66e32d763f/images/636e126cfd962f4d057bacee/file-TV9ScvRJen.gif]
[d33v4339jhl8k0.cloudfront.net/docs/assets/5c4657ad2c7d3a66e32d763f/images/65e0c921eeacc5315bb8660f/file-T11xe1yQ22.gif]
[d33v4339jhl8k0.cloudfront.net/docs/assets/5c4657ad2c7d3a66e32d763f/images/65e0c933eeacc5315bb86610/file-uYzz1k2Qh4.gif]
[d33v4339jhl8k0.cloudfront.net/docs/assets/5c4657ad2c7d3a66e32d763f/images/628c9ba28bf21a2e2b6d6e14/file-Jie1ar5f6p.png]
[d33v4339jhl8k0.cloudfront.net/docs/assets/5c4657ad2c7d3a66e32d763f/images/652e99fc74982009a94e7470/file-tqi2mQGRLO.png]
[d33v4339jhl8k0.cloudfront.net/docs/assets/5c4657ad2c7d3a66e32d763f/images/6544644fc062684cb88d51e1/file-0KiA8vzFPJ.gif]
[d33v4339jhl8k0.cloudfront.net/docs/assets/5c4657ad2c7d3a66e32d763f/images/65e0c9976ba1d916ec467121/file-cC3DxmmW8Q.gif]
[d33v4339jhl8k0.cloudfront.net/docs/assets/5c4657ad2c7d3a66e32d763f/images/654464d347c2cc43ca283cd3/file-vBC1icRBJ9.gif]
[d33v4339jhl8k0.cloudfront.net/docs/assets/5c4657ad2c7d3a66e32d763f/images/654465538b2e41385d8b0f70/file-phHlnRWIfJ.jpg]
[gumroad.com/help/article/149-adding-a-product.html]
[d33v4339jhl8k0.cloudfront.net/docs/assets/5c4657ad2c7d3a66e32d763f/images/65f2840354e485464f3dcae1/file-JjBHQhY6pB.png]
[d33v4339jhl8k0.cloudfront.net/docs/assets/5c4657ad2c7d3a66e32d763f/images/61c1ac9e1f8e1669701408b6/file-DRXNW3Bkzo.gif]
[d33v4339jhl8k0.cloudfront.net/docs/assets/5c4657ad2c7d3a66e32d763f/images/61c1acb4dbfe5a232d667678/file-iKd8XbDxm1.gif]
[d33v4339jhl8k0.cloudfront.net/docs/assets/5c4657ad2c7d3a66e32d763f/images/61c1ad321f8e1669701408b8/file-Ya6XzgEHUa.gif]
[d33v4339jhl8k0.cloudfront.net/docs/assets/5c4657ad2c7d3a66e32d763f/images/61c1ae39dbfe5a232d667681/file-h8vZAXP0W1.png]
[d33v4339jhl8k0.cloudfront.net/docs/assets/5c4657ad2c7d3a66e32d763f/images/62447057c1688a6d26a7b46a/file-cF05ZzZhoJ.gif]
[d33v4339jhl8k0.cloudfront.net/docs/assets/5c4657ad2c7d3a66e32d763f/images/61c1ad791f8e1669701408bb/file-CgPwHg3cqr.png]
[gumroad.com/help/article/60-adding-a-cover-image.html]
[d33v4339jhl8k0.cloudfront.net/docs/assets/5c4657ad2c7d3a66e32d763f/images/64248bcc4cd1ab01bbe8b082/file-qFRruuIBdB.png]
[d33v4339jhl8k0.cloudfront.net/docs/assets/5c4657ad2c7d3a66e32d763f/images/65c3046b0a12eb325db176e7/file-mgZ6SnjBz9.png]
[d33v4339jhl8k0.cloudfront.net/docs/assets/5c4657ad2c7d3a66e32d763f/images/65c304828106ae1c4ab6f390/file-mlXPkvZndM.png]
[gumroad.com/help/article/101-designing-your-product-page.html]
[gumroad.com/help/article/81-custom-product-urls.html]
[gumroad.com/help/article/248-delete-a-product.html]
[d33v4339jhl8k0.cloudfront.net/docs/assets/5c4657ad2c7d3a66e32d763f/images/62443b14c1e53608cf9ee50a/file-Lj9mhlHeLN.gif]
[d33v4339jhl8k0.cloudfront.net/docs/assets/5c4657ad2c7d3a66e32d763f/images/628c9e1d68d51e779444324c/file-AHYxehhsRb.gif]
[d33v4339jhl8k0.cloudfront.net/docs/assets/5c4657ad2c7d3a66e32d763f/images/64ecbee4e82ed15ede51f41b/file-Hewkcua9FB.gif]
[d33v4339jhl8k0.cloudfront.net/docs/assets/5c4657ad2c7d3a66e32d763f/images/62443ee5c1e53608cf9ee51f/file-kAYtQWQQCH.gif]
[d33v4339jhl8k0.cloudfront.net/docs/assets/5c4657ad2c7d3a66e32d763f/images/62443fabab585b230a8a678e/file-oi2PtQycd1.gif]
[d33v4339jhl8k0.cloudfront.net/docs/assets/5c4657ad2c7d3a66e32d763f/images/6244406142ba434a7afe1467/file-F36dh6zzER.gif]
[gumroad.com/help/article/126-setting-up-versions-on-a-digital-product.html]
[gumroad.com/help/images/membership-product.png]
[d33v4339jhl8k0.cloudfront.net/docs/assets/5c4657ad2c7d3a66e32d763f/images/667f84931f3fa9421e28891b/file-RQHIDleZsJ.png]
[d33v4339jhl8k0.cloudfront.net/docs/assets/5c4657ad2c7d3a66e32d763f/images/667f84ad5173914f806c263d/file-UdGm2tXqnK.png]
[d33v4339jhl8k0.cloudfront.net/docs/assets/5c4657ad2c7d3a66e32d763f/images/667f84bde1989867dcefe919/file-nZBAB4WUur.png]
[d33v4339jhl8k0.cloudfront.net/docs/assets/5c4657ad2c7d3a66e32d763f/images/667f84da5173914f806c263e/file-46QMNIDa3T.gif]
[d33v4339jhl8k0.cloudfront.net/docs/assets/5c4657ad2c7d3a66e32d763f/images/667f84e7e1989867dcefe91a/file-xI9EJHBkQh.png]
[d33v4339jhl8k0.cloudfront.net/docs/assets/5c4657ad2c7d3a66e32d763f/images/667f85005173914f806c263f/file-OMJDsfbjAf.png]
[d33v4339jhl8k0.cloudfront.net/docs/assets/5c4657ad2c7d3a66e32d763f/images/667f85a95173914f806c2640/file-FOfJylJKcu.png]
[d33v4339jhl8k0.cloudfront.net/docs/assets/5c4657ad2c7d3a66e32d763f/images/642e44cd4cd1ab01bbe8b912/file-ei3aKH76uU.png]
[d33v4339jhl8k0.cloudfront.net/docs/assets/5c4657ad2c7d3a66e32d763f/images/642e44e81274e915f2f92e89/file-GeNgm0X8lp.png]
[gumroad.com/customers.gumroad.com/article/278-guide-to-memberships.html]
[d33v4339jhl8k0.cloudfront.net/docs/assets/5c4657ad2c7d3a66e32d763f/images/61f3e10068cd260cc2d358e7/file-8VNmLZzoUe.gif]
[gumroad.com/help/article/82-membership-products.html]
[gumroad.com/api.html]
[gumroad.com/help/images/installment-plan-settings.png]
[gumroad.com/help/article/346-installment-plans.html]
[d33v4339jhl8k0.cloudfront.net/docs/assets/5c4657ad2c7d3a66e32d763f/images/6245433542ba434a7afe1b14/file-n5IXgZ9xf1.png]
[gumroad.com/help/article/133-pay-what-you-want-pricing.html]
[gumroad.com/help/article/43-streaming-videos.html]
[d33v4339jhl8k0.cloudfront.net/docs/assets/5c4657ad2c7d3a66e32d763f/images/5c64ec13042863543cccf938/file-nJHj9ERTf7.jpg]
[gumroad.com/help/article/125-how-to-compress-a-video-using-handbrake.html]
[gumroad.com/help/article/112-mobile-friendly-files.html]
[d33v4339jhl8k0.cloudfront.net/docs/assets/5c4657ad2c7d3a66e32d763f/images/5c6f7c292c7d3a66e32ec8b1/file-OQ5TbyLFqP.png]
[gumroad.com/help/article/176-metadata-for-audio-files.html]
[gumroad.com/login168d.html]
[d33v4339jhl8k0.cloudfront.net/docs/assets/5c4657ad2c7d3a66e32d763f/images/635696038a552811521e7e2f/file-oWnn2GNjtB.png]
[gumroad.com/l/_product_permalinkc70c]
[gumroad.com/a/1234567]
[gumroad.com/l/abcxyz]
[gumroad.com/l/abcxyz375e]
[d33v4339jhl8k0.cloudfront.net/docs/assets/5c4657ad2c7d3a66e32d763f/images/5fd4be0d23119734ee37edfd/file-6RuhnY5h86.png]
[gumroad.com/help/article/249-affiliate-faq.html]
[gumroad.com/help/article/289-file-size-limits-on-gumroad.html]
[gumroad.com/widgets.html]
[gumroad.com/help/images/bundle.png]
[d33v4339jhl8k0.cloudfront.net/docs/assets/5c4657ad2c7d3a66e32d763f/images/658cdbea25778b0d0faef477/file-4R7iUV4pV7.png]
[d33v4339jhl8k0.cloudfront.net/docs/assets/5c4657ad2c7d3a66e32d763f/images/66095e437c483540738bc0fb/file-9ktwYyzbT9.png]
[d33v4339jhl8k0.cloudfront.net/docs/assets/5c4657ad2c7d3a66e32d763f/images/6589a95c2e3a566b03b69fcd/file-cq0IC5ohnz.png]
[d33v4339jhl8k0.cloudfront.net/docs/assets/5c4657ad2c7d3a66e32d763f/images/6589a7df25778b0d0faef350/file-Qrs0qewLCn.png]
[d33v4339jhl8k0.cloudfront.net/docs/assets/5c4657ad2c7d3a66e32d763f/images/6589a58bdcdba22513abb141/file-jsLiTIsQef.png]
[d33v4339jhl8k0.cloudfront.net/docs/assets/5c4657ad2c7d3a66e32d763f/images/6589aee215d4597b5fb2092b/file-WhzCNPAuJK.png]
[d33v4339jhl8k0.cloudfront.net/docs/assets/5c4657ad2c7d3a66e32d763f/images/6589ad19d0cad521927aacbf/file-RoKgauJTvE.png]
[gumroad.com/help/article/339-product-bundles.html]
[d33v4339jhl8k0.cloudfront.net/docs/assets/5c4657ad2c7d3a66e32d763f/images/6604f21d6b58437311e410a4/file-dHcAqw7Ujo.png]
[d33v4339jhl8k0.cloudfront.net/docs/assets/5c4657ad2c7d3a66e32d763f/images/65d6b6c96d2feb00a37ec6f3/file-wspcOzgMOQ.png]
[d33v4339jhl8k0.cloudfront.net/docs/assets/5c4657ad2c7d3a66e32d763f/images/65d6b6d04efad40db94fa6a0/file-qO8PVHAser.png]
[d33v4339jhl8k0.cloudfront.net/docs/assets/5c4657ad2c7d3a66e32d763f/images/6604f27b753f7a6540164ddf/file-ZkoP3LeIxo.png]
[d33v4339jhl8k0.cloudfront.net/docs/assets/5c4657ad2c7d3a66e32d763f/images/65d6b6e96d2feb00a37ec6f4/file-t5ewcUdxlf.png]
[gumroad.com/help/article/341-collaborations.html]
[gumroad.com/help/article/347-gumroad-community.html]
[gumroad.com/help/css/launch-1720904627061.css]
[d33v4339jhl8k0.cloudfront.net/docs/assets/5c4657ad2c7d3a66e32d763f/images/61e114f279a38f5473fd3e0c/file-4qSvlVyvvX.png]
[d33v4339jhl8k0.cloudfront.net/docs/assets/5c4657ad2c7d3a66e32d763f/images/633bb88305ba014734a372f8/file-rGEPvCWzts.png]
[gumroad.com/help/article/62-testing-a-purchase.html]
[d33v4339jhl8k0.cloudfront.net/docs/assets/5c4657ad2c7d3a66e32d763f/images/659b89b3baa1964909074d55/file-HBpd8e90fL.png]
[gumroad.com/help/images/nsfw-settings-toggle.png]
[gumroad.com/help/article/79-gumroad-discover.html]
[d33v4339jhl8k0.cloudfront.net/docs/assets/5c4657ad2c7d3a66e32d763f/images/61a4af57663c7a603de8cf54/file-0z9QBEtsKv.png]
[d33v4339jhl8k0.cloudfront.net/docs/assets/5c4657ad2c7d3a66e32d763f/images/61a4b01979d5be1f25dd3a7f/file-oayRVNnz4h.png]
[d33v4339jhl8k0.cloudfront.net/docs/assets/5c4657ad2c7d3a66e32d763f/images/61a4b06564e42a671b63b148/file-pNbDuUQCdK.png]
[d33v4339jhl8k0.cloudfront.net/docs/assets/5c4657ad2c7d3a66e32d763f/images/62457b38c1e53608cf9eed1a/file-x8fao0tS61.gif]
[gumroad.com/help/article/136-find-your-products-url.html]
[d33v4339jhl8k0.cloudfront.net/docs/assets/5c4657ad2c7d3a66e32d763f/images/62151893db4c3c5ea2ebfe9b/file-hb7q6qx7On.png]
[d33v4339jhl8k0.cloudfront.net/docs/assets/5c4657ad2c7d3a66e32d763f/images/621519593271e31797cf0f8a/file-n3Oj2VmCOE.png]
[d33v4339jhl8k0.cloudfront.net/docs/assets/5c4657ad2c7d3a66e32d763f/images/657b076375eb4a5f70498b02/file-8AWAoabHPR.png]
[d33v4339jhl8k0.cloudfront.net/docs/assets/5c4657ad2c7d3a66e32d763f/images/621520b73271e31797cf0fd7/file-najTuXeRCf.png]
[d33v4339jhl8k0.cloudfront.net/docs/assets/5c4657ad2c7d3a66e32d763f/images/62166eba1173d072c69fb117/file-prFEDMObGA.gif]
[d33v4339jhl8k0.cloudfront.net/docs/assets/5c4657ad2c7d3a66e32d763f/images/62171f7a1c416e446e804223/file-n9069uPZRk.png]
[d33v4339jhl8k0.cloudfront.net/docs/assets/5c4657ad2c7d3a66e32d763f/images/639b0a1c2e586565571c20eb/file-4oW74KD2yB.gif]
[d33v4339jhl8k0.cloudfront.net/docs/assets/5c4657ad2c7d3a66e32d763f/images/621753c21173d072c69fb5c1/file-yPe5TFUA88.png]
[d33v4339jhl8k0.cloudfront.net/docs/assets/5c4657ad2c7d3a66e32d763f/images/6216fcb4528a5515a2fcbffd/file-pN4ODMgP44.png]
[d33v4339jhl8k0.cloudfront.net/docs/assets/5c4657ad2c7d3a66e32d763f/images/62171df91173d072c69fb4b7/file-bTrKYFBJYK.png]
[d33v4339jhl8k0.cloudfront.net/docs/assets/5c4657ad2c7d3a66e32d763f/images/62171e501c416e446e80421e/file-DztaXllyQR.png]
[d33v4339jhl8k0.cloudfront.net/docs/assets/5c4657ad2c7d3a66e32d763f/images/62171a871173d072c69fb4ad/file-8qS4xHJOJm.png]
[d33v4339jhl8k0.cloudfront.net/docs/assets/5c4657ad2c7d3a66e32d763f/images/657b073fe020fe4b2fcaef56/file-MEKHrXJBg4.png]
[gumroad.com/help/article/268-customer-dashboard.html]
[d33v4339jhl8k0.cloudfront.net/docs/assets/5c4657ad2c7d3a66e32d763f/images/62469212c1e53608cf9ef35d/file-Hq8M9GB3iH.png]
[d33v4339jhl8k0.cloudfront.net/docs/assets/5c4657ad2c7d3a66e32d763f/images/64bf9636a9d61472afe09529/file-5EEqngjHHA.png]
[d33v4339jhl8k0.cloudfront.net/docs/assets/5c4657ad2c7d3a66e32d763f/images/6246932342ba434a7afe2278/file-V5ESJfaXNp.png]
[d33v4339jhl8k0.cloudfront.net/docs/assets/5c4657ad2c7d3a66e32d763f/images/624693d2c1688a6d26a7c11f/file-Zfg8pFmBDi.png]
[d33v4339jhl8k0.cloudfront.net/docs/assets/5c4657ad2c7d3a66e32d763f/images/624694c3c1e53608cf9ef364/file-ojfF44iVNk.gif]
[d33v4339jhl8k0.cloudfront.net/docs/assets/5c4657ad2c7d3a66e32d763f/images/657b0a35e020fe4b2fcaef59/file-cF8gc9ssWx.png]
[gumroad.com/l/drIB.204.delayed]
[d33v4339jhl8k0.cloudfront.net/docs/assets/5c4657ad2c7d3a66e32d763f/images/64bd93a1a9d61472afe09371/file-8LLEcO7kC9.gif]
[gumroad.com/help/article/74-the-analytics-dashboard.html]
[gumroad.com/login4cc1.html]
[d33v4339jhl8k0.cloudfront.net/docs/assets/5c4657ad2c7d3a66e32d763f/images/6246a5cac1e53608cf9ef3b3/file-VrW7I7MsSE.png]
[d33v4339jhl8k0.cloudfront.net/docs/assets/5c4657ad2c7d3a66e32d763f/images/65b0e0574b18e475714bf22b/file-3RoWrDkBlf.png]
[gumroad.com/help/article/282-how-do-purchases-work-for-my-customers.html]
[d33v4339jhl8k0.cloudfront.net/docs/assets/5c4657ad2c7d3a66e32d763f/images/657b106de020fe4b2fcaef62/file-L4zbp1IbAb.gif]
[d33v4339jhl8k0.cloudfront.net/docs/assets/5c4657ad2c7d3a66e32d763f/images/657b10a875eb4a5f70498b0a/file-UGMQiT49wM.gif]
[d33v4339jhl8k0.cloudfront.net/docs/assets/5c4657ad2c7d3a66e32d763f/images/61a0bf13efc78d0553e5de88/file-wTDWW1hpen.gif]
[d33v4339jhl8k0.cloudfront.net/docs/assets/5c4657ad2c7d3a66e32d763f/images/654dedfc2d28585006d0164c/file-jcOHcoXhih.png]
[gumroad.com/help/article/247-what-your-customers-see.html]
[d33v4339jhl8k0.cloudfront.net/docs/assets/5c4657ad2c7d3a66e32d763f/images/654deddb8fd0677319115e1f/file-5GHiADHrMS.png]
[gumroad.com/customers.gumroad.com/article/206-how-to-open-zip-and-rar-files.html]
[gumroad.com/help/article/177-the-gumroad-dashboard-app.html]
[gumroad.com/help/article/266-why-are-my-customers-purchases-failing.html]
[d33v4339jhl8k0.cloudfront.net/docs/assets/5c4657ad2c7d3a66e32d763f/images/624a7545ab585b230a8a7fd9/file-HGPe9iY05h.png]
[d33v4339jhl8k0.cloudfront.net/docs/assets/5c4657ad2c7d3a66e32d763f/images/62467c0042ba434a7afe2240/file-qUenvWrwpy.gif]
[d33v4339jhl8k0.cloudfront.net/docs/assets/5c4657ad2c7d3a66e32d763f/images/624a7660ab585b230a8a7fdc/file-PMHFvYKLLj.png]
[d33v4339jhl8k0.cloudfront.net/docs/assets/5c4657ad2c7d3a66e32d763f/images/624a774e2ce7ed0fb091cd44/file-gJ3HeTiAd5.png]
[gumroad.com/help/article/78-my-customer-did-not-receive-a-receipt.html]
[gumroad.com/login81d0.html]
[d33v4339jhl8k0.cloudfront.net/docs/assets/5c4657ad2c7d3a66e32d763f/images/6246a1dd42ba434a7afe22b3/file-JIEbnRW4ab.png]
[gumroad.com/help/article/139-how-to-cancel-your-customers-subscriptions.html]
[d33v4339jhl8k0.cloudfront.net/docs/assets/5c4657ad2c7d3a66e32d763f/images/6385991eb3261c24b49eda78/file-v3dx5aMJjS.png]
[d33v4339jhl8k0.cloudfront.net/docs/assets/5c4657ad2c7d3a66e32d763f/images/62469f0eab585b230a8a7601/file-nnUgqbE3pw.gif]
[gumroad.com/help/article/47-how-to-refund-a-customer.html]
[d33v4339jhl8k0.cloudfront.net/docs/assets/5c4657ad2c7d3a66e32d763f/images/65d759991c2f8d3d7ebfd181/file-1xAvgFWOS5.png]
[gumroad.com/help/article/134-how-does-gumroad-handle-chargebacks.html]
[gumroad.com/help/article/42-content-security.html]
[d33v4339jhl8k0.cloudfront.net/docs/assets/5c4657ad2c7d3a66e32d763f/images/63d2f3cc7eb7a63c30e3f68f/file-U4Cn8GjBsT.png]
[d33v4339jhl8k0.cloudfront.net/docs/assets/5c4657ad2c7d3a66e32d763f/images/655e022979594218b99bbcd8/file-Q2tp2QaRqW.png]
[gumroad.com/help/article/327-purchasing-power-parity.html]
[d33v4339jhl8k0.cloudfront.net/docs/assets/5c4657ad2c7d3a66e32d763f/images/643d4db637fd073d73d6cad6/file-6dbiL0czob.png]
[d33v4339jhl8k0.cloudfront.net/docs/assets/5c4657ad2c7d3a66e32d763f/images/64ca36c38ec1e24edafd21f2/file-B9DfIiaFym.png]
[d33v4339jhl8k0.cloudfront.net/docs/assets/5c4657ad2c7d3a66e32d763f/images/64ca37338688760dada27744/file-AB7uLNLCQx.png]
[d33v4339jhl8k0.cloudfront.net/docs/assets/5c4657ad2c7d3a66e32d763f/images/64ca38a26d36cc04e8262761/file-yFrRtm1vu9.png]
[gumroad.com/help/article/331-creating-upsells.html]
[gumroad.com/help/images/tipping.png]
[gumroad.com/help/images/tipping-toggle.png]
[gumroad.com/help/article/345-tipping.html]
[d33v4339jhl8k0.cloudfront.net/docs/assets/5c4657ad2c7d3a66e32d763f/images/64faaab126847651a7f546df/file-kOBfkPvf56.png]
[d33v4339jhl8k0.cloudfront.net/docs/assets/5c4657ad2c7d3a66e32d763f/images/64df7fc8e3ee466b38a4daea/file-rxt3uxfu5A.png]
[d33v4339jhl8k0.cloudfront.net/docs/assets/5c4657ad2c7d3a66e32d763f/images/64faaaf9065ccf64a20440a8/file-SX1LaBg7Ct.png]
[gumroad.com/help/article/334-more-like-this.html]
[gumroad.com/help/images/product-level-refund-policy-edit.png]
[gumroad.com/help/images/product-level-refund-policy-modal.png]
[gumroad.com/help/images/product-level-refund-policy-share.mp4]
[gumroad.com/help/article/335-custom-refund-policy.html]
[gumroad.com/help/css/launch-1720894538577.css]
[d33v4339jhl8k0.cloudfront.net/docs/assets/5c4657ad2c7d3a66e32d763f/images/624583ffab585b230a8a6fa6/file-OXSh5dPLgy.png]
[d33v4339jhl8k0.cloudfront.net/docs/assets/5c4657ad2c7d3a66e32d763f/images/628256898c9b585083489fd1/file-sF947tdcq7.gif]
[d33v4339jhl8k0.cloudfront.net/docs/assets/5c4657ad2c7d3a66e32d763f/images/628256998c9b585083489fd2/file-g48XVBZuwX.png]
[d33v4339jhl8k0.cloudfront.net/docs/assets/5c4657ad2c7d3a66e32d763f/images/655f4837ff620625c3f7efc9/file-ZzT0b4lAV6.png]
[d33v4339jhl8k0.cloudfront.net/docs/assets/5c4657ad2c7d3a66e32d763f/images/655f4e2ad8c4315d1df511d1/file-SR4bakvUvR.gif]
[d33v4339jhl8k0.cloudfront.net/docs/assets/5c4657ad2c7d3a66e32d763f/images/655f485961a11f56e8753917/file-c5GRqDvh07.png]
[d33v4339jhl8k0.cloudfront.net/docs/assets/5c4657ad2c7d3a66e32d763f/images/61e7da5468cd260cc2d32241/file-jVeyJPFDMc.png]
[gumroad.com/login7279.html]
[d33v4339jhl8k0.cloudfront.net/docs/assets/5c4657ad2c7d3a66e32d763f/images/64fe7e4af15ed05267de56b3/file-tsOmY4Z5D1.png]
[gumroad.com/help/article/170-audience.html]
[d33v4339jhl8k0.cloudfront.net/docs/assets/5c4657ad2c7d3a66e32d763f/images/6618ed174db6eb7a51d936b7/file-y6ITCL0UxP.png]
[gumroad.com/help/article/169-how-to-send-an-update.html]
[d33v4339jhl8k0.cloudfront.net/docs/assets/5c4657ad2c7d3a66e32d763f/images/664433f2340e4261ee1c4cfe/file-yd2jarFnSR.png]
[d33v4339jhl8k0.cloudfront.net/docs/assets/5c4657ad2c7d3a66e32d763f/images/664b407972987f726dc81b5e/file-zEj6Ze1xcY.jpg]
[gumroad.com/help/article/131-using-workflows-to-send-automated-updates.html]
[gumroad.com/login3335.html]
[d33v4339jhl8k0.cloudfront.net/docs/assets/5c4657ad2c7d3a66e32d763f/images/656a28f9f0a5f10af23cfd00/file-99103jC1s0.png]
[d33v4339jhl8k0.cloudfront.net/docs/assets/5c4657ad2c7d3a66e32d763f/images/62467d63c1e53608cf9ef32a/file-mJLOJK4eFj.png]
[gumroad.com/help/article/54-not-receiving-updates.html]
[d33v4339jhl8k0.cloudfront.net/docs/assets/5c4657ad2c7d3a66e32d763f/images/63535eed927a2c1634dfcde0/file-qio7Gsctoh.gif]
[d33v4339jhl8k0.cloudfront.net/docs/assets/5c4657ad2c7d3a66e32d763f/images/633bdd85e1c306062a1d40f9/file-2M61Ter5VJ.gif]
[d33v4339jhl8k0.cloudfront.net/docs/assets/5c4657ad2c7d3a66e32d763f/images/63535f04de258f5018eb6c99/file-M8djZRff4z.gif]
[d33v4339jhl8k0.cloudfront.net/docs/assets/5c4657ad2c7d3a66e32d763f/images/63535f114d805871ceaa5c46/file-lfxHWcF4eA.gif]
[d33v4339jhl8k0.cloudfront.net/docs/assets/5c4657ad2c7d3a66e32d763f/images/63535f1f8a552811521e7953/file-ubAgznN39M.gif]
[gumroad.com/help/article/44-build-gumroad-into-your-website.html]
[gumroad.com/a/12345678ffc7]
[gumroad.com/help/images/gumroad-affiliates-opt-out.png]
[gumroad.com/a/XXXXXXXX.241.delayed]
[gumroad.com/l/{YourProductID}/{YourDiscountCode}5a5a]
[gumroad.com/help/article/333-affiliates-on-gumroad.html]
[d33v4339jhl8k0.cloudfront.net/docs/assets/5c4657ad2c7d3a66e32d763f/images/63bb91fed851444a9b4d27ef/file-5kClaU1t2C.png]
[d33v4339jhl8k0.cloudfront.net/docs/assets/5c4657ad2c7d3a66e32d763f/images/63bb9209d0b6de7e3be2a8e4/file-5aTUwIGukY.png]
[gumroad.com/help/article/13-getting-paid.html]
[d33v4339jhl8k0.cloudfront.net/docs/assets/5c4657ad2c7d3a66e32d763f/images/640178950064af3c7159eae7/file-91Y4crv2gM.png]
[d33v4339jhl8k0.cloudfront.net/docs/assets/5c4657ad2c7d3a66e32d763f/images/640178aec490cd5d5b96ab00/file-QgUQvI4tsq.png]
[d33v4339jhl8k0.cloudfront.net/docs/assets/5c4657ad2c7d3a66e32d763f/images/640178bc188a9d242a7d655c/file-C9OPo20qtm.png]
[gumroad.com/help/article/330-stripe-connect.html]
[d33v4339jhl8k0.cloudfront.net/docs/assets/5c4657ad2c7d3a66e32d763f/images/63b6adcfe0d50f5555840132/file-MJi0aQm9sf.png]
[d33v4339jhl8k0.cloudfront.net/docs/assets/5c4657ad2c7d3a66e32d763f/images/65e4891ae1b84509927922ff/file-bCiZT0gZdi.png]
[d33v4339jhl8k0.cloudfront.net/docs/assets/5c4657ad2c7d3a66e32d763f/images/63b6aed4b31bcd14df2c40e8/file-tV621SjyeU.png]
[gumroad.com/login16ca.html]
[d33v4339jhl8k0.cloudfront.net/docs/assets/5c4657ad2c7d3a66e32d763f/images/63b6afa8d0b6de7e3be2a5e6/file-oRrgscg9q7.png]
[gumroad.com/help/article/275-paypal-connect.html]
[gumroad.com/help/article/66-gumroads-fees.html]
[d33v4339jhl8k0.cloudfront.net/docs/assets/5c4657ad2c7d3a66e32d763f/images/62da3b2f86b3a9744246f981/file-dP1hZvXOwZ.png]
[gumroad.com/help/images/export-multiple-payouts.png]
[d33v4339jhl8k0.cloudfront.net/docs/assets/5c4657ad2c7d3a66e32d763f/images/61f1b40a8200bc052eb82d61/file-xSxed1MgIJ.png]
[d33v4339jhl8k0.cloudfront.net/docs/assets/5c4657ad2c7d3a66e32d763f/images/6260e1386c886c75aabe8dd4/file-2RvnwJQNOe.png]
[d33v4339jhl8k0.cloudfront.net/docs/assets/5c4657ad2c7d3a66e32d763f/images/61f1acccd86136157d99ddcb/file-jFO5dj7Bvk.png]
[gumroad.com/help/article/269-balance-page.html]
[gumroad.com/help/article/223-payoneer-and-gumroad.html]
[d33v4339jhl8k0.cloudfront.net/docs/assets/5c4657ad2c7d3a66e32d763f/images/61caeca5d1a2f12bbe21f0f2/file-o4FhZe2MjI.png]
[gumroad.com/help/article/46-what-currency-does-gumroad-use.html]
[d33v4339jhl8k0.cloudfront.net/docs/assets/5c4657ad2c7d3a66e32d763f/images/63e57a8bd2459a27d10c91e4/file-UfndQSL5SI.png]
[gumroad.com/help/images/stripe-verification-ui.png]
[gumroad.com/help/article/281-payout-delays.html]
[gumroad.com/help/article/121-sales-tax-on-gumroad.html]
[gumroad.com/help/article/11-us-sales-tax-on-gumroad.html]
[d33v4339jhl8k0.cloudfront.net/docs/assets/5c4657ad2c7d3a66e32d763f/images/63b6b228bfe3f971fb093bd0/file-0xO68phTOC.png]
[gumroad.com/customers.gumroad.com/article/200-i-need-a-vat-refund.html]
[gumroad.com/help/article/10-dealing-with-vat.html]
[gumroad.com/help/article/96-australian-gst-on-gumroad.html]
[gumroad.com/help/article/325-indirect-taxes-on-sales-via-discover.html]
[gumroad.com/help/article/15-1099s.html]
[gumroad.com/help/article/160-suspension.html]
[d33v4339jhl8k0.cloudfront.net/docs/assets/5c4657ad2c7d3a66e32d763f/images/624a8eb042ba434a7afe2cbd/file-E3dRMXo5n8.png]
[gumroad.com/help/article/283-fraudulent-purchases.html]
[gumroad.com/help/article/161-what-gumroad-considers-fraud.html]
[gumroad.com/help/article/336-singaporean-gst.html]
[d33v4339jhl8k0.cloudfront.net/docs/assets/5c4657ad2c7d3a66e32d763f/images/657b13f8a55b5524fb50d6a4/file-EentR7IlvA.png]
[d33v4339jhl8k0.cloudfront.net/docs/assets/5c4657ad2c7d3a66e32d763f/images/65c309278106ae1c4ab6f392/file-GAk6eFEPyf.png]
[d33v4339jhl8k0.cloudfront.net/docs/assets/5c4657ad2c7d3a66e32d763f/images/657b142ea55b5524fb50d6a5/file-RPDfnvrDVr.png]
[d33v4339jhl8k0.cloudfront.net/docs/assets/5c4657ad2c7d3a66e32d763f/images/64a11a8674f970393a8b0b36/file-GRMdcSBATo.png]
[d33v4339jhl8k0.cloudfront.net/docs/assets/5c4657ad2c7d3a66e32d763f/images/65c30a53ffa21909875f09e0/file-4Nb6iBmdkR.png]
[d33v4339jhl8k0.cloudfront.net/docs/assets/5c4657ad2c7d3a66e32d763f/images/65c309580a12eb325db176e9/file-88EykczAUI.png]
[d33v4339jhl8k0.cloudfront.net/docs/assets/5c4657ad2c7d3a66e32d763f/images/65c30a740a12eb325db176eb/file-Xb8iyKk30M.png]
[d33v4339jhl8k0.cloudfront.net/docs/assets/5c4657ad2c7d3a66e32d763f/images/65c30a93ffa21909875f09e1/file-fedhaSLrxl.png]
[d33v4339jhl8k0.cloudfront.net/docs/assets/5c4657ad2c7d3a66e32d763f/images/657b140e4773693a6d83e080/file-JRg3rVoT9r.png]
[gumroad.com/help/article/128-discount-codes.html]
[d33v4339jhl8k0.cloudfront.net/docs/assets/5c4657ad2c7d3a66e32d763f/images/6392bfc87b7d2d5d2750e31b/file-WpgNuOX42h.gif]
[gumroad.com/help/article/326-teams-and-roles.html]
[d33v4339jhl8k0.cloudfront.net/docs/assets/5c4657ad2c7d3a66e32d763f/images/653f673f96e910717e910839/file-QCqBg8VkMd.gif]
[d33v4339jhl8k0.cloudfront.net/docs/assets/5c4657ad2c7d3a66e32d763f/images/66a32768d39e504a2aed1d5a/file-5t5GiKgbCM.png]
[gumroad.com/help/article/302-sell-ebooks.266.delayed]
[gumroad.com/help/article/130-pdf-stamping.html]
[d33v4339jhl8k0.cloudfront.net/docs/assets/5c4657ad2c7d3a66e32d763f/images/624695ac42ba434a7afe227f/file-t2ULtEfIqP.png]
[d33v4339jhl8k0.cloudfront.net/docs/assets/5c4657ad2c7d3a66e32d763f/images/6093b8278996210f18bdab55/file-FxlrzhXlG8.png]
[d33v4339jhl8k0.cloudfront.net/docs/assets/5c4657ad2c7d3a66e32d763f/images/6246964bc1e53608cf9ef36b/file-K6CZOAGnMr.png]
[d33v4339jhl8k0.cloudfront.net/docs/assets/5c4657ad2c7d3a66e32d763f/images/6093b7a68996210f18bdab54/file-ilmvThnIjq.png]
[gumroad.com/help/article/290-facebook-domain-verification.html]
[d33v4339jhl8k0.cloudfront.net/docs/assets/5c4657ad2c7d3a66e32d763f/images/65dd847f93e735297b4ecc37/file-ybqNpubOtg.png]
[d33v4339jhl8k0.cloudfront.net/docs/assets/5c4657ad2c7d3a66e32d763f/images/6644afe7f8a4cf663fcc4e9a/file-X6McMzBfHo.png]
[d33v4339jhl8k0.cloudfront.net/docs/assets/5c4657ad2c7d3a66e32d763f/images/65dd84ff93e735297b4ecc38/file-umPZYuDt5H.png]
[d33v4339jhl8k0.cloudfront.net/docs/assets/5c4657ad2c7d3a66e32d763f/images/61c1aa8e9081120970361423/file-amuUuJepLE.png]
[gumroad.com/help/article/222-product-ratings-on-gumroad.html]
[d33v4339jhl8k0.cloudfront.net/docs/assets/5c4657ad2c7d3a66e32d763f/images/62457dd7c1e53608cf9eed35/file-ypU9FiLt24.png]
[d33v4339jhl8k0.cloudfront.net/docs/assets/5c4657ad2c7d3a66e32d763f/images/62457e8042ba434a7afe1c6c/file-O5IJU1hkmt.png]
[gumroad.com/help/article/144-send-customers-directly-to-your-payment-form.html]
[d33v4339jhl8k0.cloudfront.net/docs/assets/5c4657ad2c7d3a66e32d763f/images/659bc7135428390b5eedbb04/file-sxf2nv1U0V.png]
[gumroad.com/help/article/270-url-parameters.html]
[d33v4339jhl8k0.cloudfront.net/docs/assets/5c4657ad2c7d3a66e32d763f/images/61ad9ab548287b457880922d/file-JTL1q5JvuV.png]
[d33v4339jhl8k0.cloudfront.net/docs/assets/5c4657ad2c7d3a66e32d763f/images/61b735c8689c5f49b2d190ac/file-gPrmBBBKgH.png]
[d33v4339jhl8k0.cloudfront.net/docs/assets/5c4657ad2c7d3a66e32d763f/images/5fb90de0cff47e00160bc523/file-HPrio5UrGv.jpg]
[d33v4339jhl8k0.cloudfront.net/docs/assets/5c4657ad2c7d3a66e32d763f/images/5fb913754cedfd00165b2b89/file-Y7syrBfFH0.gif]
[d33v4339jhl8k0.cloudfront.net/docs/assets/5c4657ad2c7d3a66e32d763f/images/5fb916e1cff47e0017d342f4/file-5OyBRNl3ux.gif]
[d33v4339jhl8k0.cloudfront.net/docs/assets/5c4657ad2c7d3a66e32d763f/images/5fb94d8d4cedfd00165b2bc0/file-B3E1tA8yZW.jpg]
[d33v4339jhl8k0.cloudfront.net/docs/assets/5c4657ad2c7d3a66e32d763f/images/5fb94f5146e0fb0017fce5f3/file-3DHRO2MDn7.gif]
[d33v4339jhl8k0.cloudfront.net/docs/assets/5c4657ad2c7d3a66e32d763f/images/624435f8c1e53608cf9ee4e7/file-2sUud72ikH.gif]
[gumroad.com/help/article/153-setting-up-a-custom-domain.html]
[d33v4339jhl8k0.cloudfront.net/docs/assets/5c4657ad2c7d3a66e32d763f/images/64816b2174c2142995f91831/file-emVO51HGYj.png]
[d33v4339jhl8k0.cloudfront.net/docs/assets/5c4657ad2c7d3a66e32d763f/images/64816b6a1211660f0912d4da/file-Rai50RULAo.png]
[d33v4339jhl8k0.cloudfront.net/docs/assets/5c4657ad2c7d3a66e32d763f/images/64816e7a7f8c2575e354488a/file-lPClVp9pf7.png]
[d33v4339jhl8k0.cloudfront.net/docs/assets/5c4657ad2c7d3a66e32d763f/images/64816ecd7f8c2575e354488b/file-TUF4ntqLfY.png]
[d33v4339jhl8k0.cloudfront.net/docs/assets/5c4657ad2c7d3a66e32d763f/images/63b8fd5cd0b6de7e3be2a86c/file-dAnYDRZjYu.png]
[gumroad.com/help/article/174-third-party-analytics.html]
[gumroad.com/help/article/285-turning-off-third-party-trackers.html]
[d33v4339jhl8k0.cloudfront.net/docs/assets/5c4657ad2c7d3a66e32d763f/images/62453bd1c1688a6d26a7b8d5/file-v8IoMwMPZe.png]
[d33v4339jhl8k0.cloudfront.net/docs/assets/5c4657ad2c7d3a66e32d763f/images/65141c3d556a3e3cf18cbede/file-AGjCg6qXmu.png]
[d33v4339jhl8k0.cloudfront.net/docs/assets/5c4657ad2c7d3a66e32d763f/images/62944a82a2c316231c2010cc/file-nPcX7i79hg.png]
[d33v4339jhl8k0.cloudfront.net/docs/assets/5c4657ad2c7d3a66e32d763f/images/65141ccc084f3f45e9a7b8e5/file-MeRXoo0lcL.png]
[d33v4339jhl8k0.cloudfront.net/docs/assets/5c4657ad2c7d3a66e32d763f/images/62944b6ca2c316231c2010cf/file-Tvaay0AdmZ.png]
[d33v4339jhl8k0.cloudfront.net/docs/assets/5c4657ad2c7d3a66e32d763f/images/62944c4438bfe828b462f449/file-VyrJdK7sAV.gif]
[d33v4339jhl8k0.cloudfront.net/docs/assets/5c4657ad2c7d3a66e32d763f/images/6606cbe7f5fc5034ca571318/file-hz0Kd8w3kr.png]
[gumroad.com/help/article/295-external-integration.html]
[d33v4339jhl8k0.cloudfront.net/docs/assets/5c4657ad2c7d3a66e32d763f/images/63231ce9f498d67325e89f21/file-JmrfXFwg0O.png]
[gumroad.com/help/article/107-common-zapier-integrations-with-gumroad.html]
[d33v4339jhl8k0.cloudfront.net/docs/assets/5c4657ad2c7d3a66e32d763f/images/61f2620fd86136157d99e084/file-jo3TIGs2A6.png]
[d33v4339jhl8k0.cloudfront.net/docs/assets/5c4657ad2c7d3a66e32d763f/images/61f2668b8200bc052eb82fdb/file-EqaVvlFOVC.png]
[gumroad.com/oauth/loginefd4.html]
[gumroad.com/help/article/280-create-application-api.html]
[gumroad.com/oauth/login76a2.html]
[d33v4339jhl8k0.cloudfront.net/docs/assets/5c4657ad2c7d3a66e32d763f/images/65c9df7c5d8fe340f348195c/file-aPZY2hVKhU.png]
[d33v4339jhl8k0.cloudfront.net/docs/assets/5c4657ad2c7d3a66e32d763f/images/65c9e3495d8fe340f3481960/file-MYl4EnL4Of.png]
[gumroad.com/help/article/76-license-keys.html]
[gumroad.com/help/article/324-accessibiility-statement.html]
[d33v4339jhl8k0.cloudfront.net/docs/assets/5c4657ad2c7d3a66e32d763f/images/63ed4e52e22c9e067d47614a/file-yR0lyCA8yq.png]
[d33v4339jhl8k0.cloudfront.net/docs/assets/5c4657ad2c7d3a66e32d763f/images/63ed4f9ee22c9e067d47614d/file-GZjfc8xijD.png]
[gumroad.com/help/article/329-customer-moderation.html]
[gumroad.com/help/article/20-how-do-i-contact-gumroad.html]
[gumroad.com/help/article/51-what-is-gumroads-refund-policy.html]
[gumroad.com/help/article/286-how-do-i-report-a-gumroad-creator.html]
[gumroad.com/help/article/288-dmca-counter-notices.html]
[gumroad.com/help/article/110-gumroads-subprocessors.html]
[gumroad.com/help/article/53-what-browsers-does-gumroad-support.html]
[gumroad.com/help/article/284-jobs-at-gumroad.html]
[d33v4339jhl8k0.cloudfront.net/docs/assets/5c4657ad2c7d3a66e32d763f/images/61e1967db54d116b7c397751/file-QxvNfuUmhE.gif]
[d33v4339jhl8k0.cloudfront.net/docs/assets/5c4657ad2c7d3a66e32d763f/images/61e19c431adf855680c79df3/file-mF15pFWzQq.gif]
[d33v4339jhl8k0.cloudfront.net/docs/assets/5c4657ad2c7d3a66e32d763f/images/64b7a26dd48f7f58ce212b5d/file-UVXvJFYsg4.png]
[d33v4339jhl8k0.cloudfront.net/docs/assets/5c4657ad2c7d3a66e32d763f/images/64b7a354a9d61472afe08fc3/file-ZiXZZKDuYd.png]
[gumroad.com/help.gumroad.com/article/177-the-gumroad-dashboard-app.297.delayed]
[gumroad.com/help/article/191-a-guide-to-buying-on-gumroad.html]
[d33v4339jhl8k0.cloudfront.net/docs/assets/5c4657ad2c7d3a66e32d763f/images/64b7a7afa9d61472afe08fc6/file-OZxynL0R3m.png]
[d33v4339jhl8k0.cloudfront.net/docs/assets/5c4657ad2c7d3a66e32d763f/images/64b7a7b9d48f7f58ce212b61/file-PN8ache6zw.png]
[gumroad.com/help/article/213-how-do-i-give-a-product-as-a-gift.html]
[gumroad.com/help/article/203-why-did-my-payment-fail.html]
[d33v4339jhl8k0.cloudfront.net/docs/assets/5c4657ad2c7d3a66e32d763f/images/64b7a9548ce4ac252a8be624/file-y4GhK118x3.png]
[gumroad.com/help/article/189-safe-gumroad-buying.html]
[d33v4339jhl8k0.cloudfront.net/docs/assets/5c4657ad2c7d3a66e32d763f/images/666688d05940934e140f4845/file-iCisDpwP44.png]
[d33v4339jhl8k0.cloudfront.net/docs/assets/5c4657ad2c7d3a66e32d763f/images/6666890add0f8c60bb3fce44/file-fppK9amhAA.png]
[d33v4339jhl8k0.cloudfront.net/docs/assets/5c4657ad2c7d3a66e32d763f/images/66668abf1f3fa9421e287be3/file-WAxUDJItSv.png]
[d33v4339jhl8k0.cloudfront.net/docs/assets/5c4657ad2c7d3a66e32d763f/images/666689da5940934e140f4846/file-U4hvpit3FD.png]
[gumroad.com/help/article/343-wishlists.html]
[d33v4339jhl8k0.cloudfront.net/docs/assets/5c4657ad2c7d3a66e32d763f/images/65b0e4b487e88924b5fa2015/file-5q7QumzVdW.png]
[d33v4339jhl8k0.cloudfront.net/docs/assets/5c4657ad2c7d3a66e32d763f/images/64ecbd55e82ed15ede51f41a/file-m4Hln0rbnh.png]
[d33v4339jhl8k0.cloudfront.net/docs/assets/5c4657ad2c7d3a66e32d763f/images/64b7ac54c2f5ed048130c832/file-Vmap8FQgO4.png]
[gumroad.com/help/article/199-how-do-i-access-my-purchase.html]
[d33v4339jhl8k0.cloudfront.net/docs/assets/5c4657ad2c7d3a66e32d763f/images/64b7bbd9d48f7f58ce212b7b/file-PJ51jIBfWe.png]
[d33v4339jhl8k0.cloudfront.net/docs/assets/5c4657ad2c7d3a66e32d763f/images/64b7bc68c2f5ed048130c845/file-vA9IglTFdv.gif]
[d33v4339jhl8k0.cloudfront.net/docs/assets/5c4657ad2c7d3a66e32d763f/images/64b7bc79c2f5ed048130c846/file-hnL4nj8I1W.png]
[gumroad.com/help/article/198-your-gumroad-library.html]
[gumroad.com/help/article/278-guide-to-memberships.html]
[gumroad.com/help/article/206-how-to-open-zip-and-rar-files.html]
[gumroad.com/help/article/192-how-do-i-cancel-my-subscription-membership.html]
[d33v4339jhl8k0.cloudfront.net/docs/assets/5c4657ad2c7d3a66e32d763f/images/64b7c3c28ce4ac252a8be632/file-i8rUL9mImt.png]
[gumroad.com/help/article/208-how-do-i-send-my-gumroad-purchase-to-my-kindle.html]
[d33v4339jhl8k0.cloudfront.net/docs/assets/5c4657ad2c7d3a66e32d763f/images/64b7c4f2a9d61472afe08fe4/file-upjqsLmSZE.png]
[gumroad.com/help/article/210-send-your-purchase-to-dropbox.html]
[d33v4339jhl8k0.cloudfront.net/docs/assets/5c4657ad2c7d3a66e32d763f/images/624bdbc8c1688a6d26a7d249/file-3RIJel8kqd.png]
[gumroad.com/help/article/215-when-will-my-purchase-be-shipped.html]
[d33v4339jhl8k0.cloudfront.net/docs/assets/5c4657ad2c7d3a66e32d763f/images/667c24651f3fa9421e2886e5/file-pdhqheFO0D.png]
[gumroad.com/help/article/344-rate-and-review-your-purchase.html]
[gumroad.com/help/css/launch-1720905461651.css]
[d33v4339jhl8k0.cloudfront.net/docs/assets/5c4657ad2c7d3a66e32d763f/images/65f8b3d254e485464f3dce9a/file-PEyzfH7eK6.png]
[d33v4339jhl8k0.cloudfront.net/docs/assets/5c4657ad2c7d3a66e32d763f/images/65f8b3af909e484dba21070d/file-qx9PGuwNcF.png]
[d33v4339jhl8k0.cloudfront.net/docs/assets/5c4657ad2c7d3a66e32d763f/images/65abf141f1393916b8ea1a82/file-ZS8K5JJi6x.png]
[gumroad.com/help/article/204-get-to-know-your-gumroad-receipt.html]
[gumroad.com/help.gumroad.com/article/51-what-is-gumroads-refund-policy.html]
[gumroad.com/help.gumroad.com/article/283-fraudulent-purchases.html]
[gumroad.com/help/article/190-how-do-i-get-a-refund.html]
[d33v4339jhl8k0.cloudfront.net/docs/assets/5c4657ad2c7d3a66e32d763f/images/61fb919bd86136157d9a05c5/file-kV4glDwBbx.png]
[d33v4339jhl8k0.cloudfront.net/docs/assets/5c4657ad2c7d3a66e32d763f/images/65b0e50587e88924b5fa2016/file-mIRJJ1LKxj.png]
[gumroad.com/help/article/194-i-need-an-invoice.html]
[d33v4339jhl8k0.cloudfront.net/docs/assets/5c4657ad2c7d3a66e32d763f/images/64b8b7a5a9d61472afe090d1/file-6vYr2YX72h.png]
[gumroad.com/help/article/200-i-need-a-vat-refund.html]
[d33v4339jhl8k0.cloudfront.net/docs/assets/5c4657ad2c7d3a66e32d763f/images/5c6dd64a2c7d3a66e32eb83c/file-cjlP3YjCES.png]
[d33v4339jhl8k0.cloudfront.net/docs/assets/5c4657ad2c7d3a66e32d763f/images/5c6dd661042863543ccd404a/file-uc1ykwT8gh.png]
[gumroad.com/help/article/212-i-never-received-a-receipt.html]
[d33v4339jhl8k0.cloudfront.net/docs/assets/5c4657ad2c7d3a66e32d763f/images/624be8d0bf4c8f642be9d6aa/file-1oJLfQp4m0.png]
[gumroad.com/help/article/195-theres-an-issue-with-my-purchase.html]
[gumroad.com/help/article/214-why-was-i-charged-by-gumroad.html]
[d33v4339jhl8k0.cloudfront.net/docs/assets/5c4657ad2c7d3a66e32d763f/images/65abf1d551f0473afc686fb0/file-AYQj94rlcf.png]
[d33v4339jhl8k0.cloudfront.net/docs/assets/5c4657ad2c7d3a66e32d763f/images/65abf1b769979704a279a739/file-8WGcsrEWBk.png]
[gumroad.com/help/article/192-how-do-i-cancel-my-membership.html]
[gumroad.com/help/article/193-my-purchase-isnt-downloading.html]
[gumroad.com/charge.html]
[d33v4339jhl8k0.cloudfront.net/docs/assets/5c4657ad2c7d3a66e32d763f/images/624c282f56ed31630f6ed9a5/file-XzaFg8H3IH.png]
[d33v4339jhl8k0.cloudfront.net/docs/assets/5c4657ad2c7d3a66e32d763f/images/624c2856309f633fb1e2a5e5/file-LLT2yZTxUt.png]
[gumroad.com/help/article/211-im-not-receiving-updates.html]
[gumroad.com/help/article/209-how-do-i-combine-two-accounts.html]
[gumroad.com/help/article/197-why-do-i-have-a-1-charge-from-gumroad.html]
[gumroad.com/help/article/217-i-have-extra-charges-from-gumroad-after-my-purchase.html]
[d33v4339jhl8k0.cloudfront.net/docs/assets/5c4657ad2c7d3a66e32d763f/images/64c09ddc57a4e8315e721e19/file-nbVxZc5hmP.png]
[gumroad.com/help/article/216-delete-credit-card-information.html]
[gumroad.com/help/article/251-incorrect-recurring-charge.html]
[gumroad.com/help.gumroad.com/article/155-things-you-cant-sell-on-gumroad.html]
[gumroad.com/help/article/226-report-a-creator.html]
[gumroad.com/help/article/196-contact-gumroad.html]
[gumroad.com/help/article/document.html]
[gumroad.com/help/article/128-creating-offer-codes.html]
[gumroad.com/loginc75e.html]
[gumroad.com/signupc75e.html]
[gumroad.com/ping.html]
[assets.gumroad.com/packs/js/base-e4291cec7a2c21de1749.js]
[gumroad.com/login4d3a.html]
[gumroad.com/customers.gumroad.com/article/278-guide-to-memberships.html]
[gumroad.com/signup4d3a.html]
[gumroad.com/api.html]
[assets.gumroad.com/packs/js/api-ca318d6d5e29fadee48c.js]
[gumroad.com/login168d.html]
[gumroad.com/l/_product_permalinkc70c.html]
[gumroad.com/a/1234567.html]
[gumroad.com/l/abcxyz.html]
[gumroad.com/l/abcxyz375e.html]
[gumroad.com/signup168d.html]
[assets.gumroad.com/packs/js/widgets-7fdd44e39cd3de712c63.js]
[gumroad.com/js/gumroad.js]
[gumroad.com/widgets.html]
[gumroad.com/l/drIB.html]
[gumroad.com/js/gumroad-embed.js]
[gumroad.com/login4cc1.html]
[gumroad.com/customers.gumroad.com/article/206-how-to-open-zip-and-rar-files.html]
[gumroad.com/signup4cc1.html]
[gumroad.com/login81d0.html]
[gumroad.com/login7279.html]
[gumroad.com/login3335.html]
[gumroad.com/a/12345678ffc7.html]
[gumroad.com/a/XXXXXXXX.html]
[gumroad.com/l/{YourProductID}/{YourDiscountCode}5a5a.html]
[gumroad.com/login16ca.html]
[gumroad.com/customers.gumroad.com/article/200-i-need-a-vat-refund.html]
[gumroad.com/help/article/302-sell-ebooks.html]
[gumroad.com/oauth/loginefd4.html]
[gumroad.com/oauth/login76a2.html]
[gumroad.com/help.gumroad.com/article/177-the-gumroad-dashboard-app.html]
[gumroad.com/help/article/192-how-do-i-cancel-my-subscription-membership.html]
[gumroad.com/help.gumroad.com/article/51-what-is-gumroads-refund-policy.html]
[gumroad.com/help.gumroad.com/article/283-fraudulent-purchases.html]
[gumroad.com/charge.html]
[gumroad.com/help.gumroad.com/article/155-things-you-cant-sell-on-gumroad.html]
[gumroad.com/signupc75e.html]
[gumroad.com/signup4d3a.html]
[gumroad.com/signup168d.html]
[gumroad.com/signup4cc1.html]
[gumroad.com/signup81d0]
[gumroad.com/signup7279]
[gumroad.com/signup3335]
[gumroad.com/signup16ca]
[gumroad.com/signupefd4]
[gumroad.com/signup76a2]
[assets.gumroad.com/packs/js/charge-d119baff9233413c16fb.js]
